I'm sorry, but errors were detected in your script. Please correct the
errors listed below, and try again.


File "game/scripts/custom_screens.rpy", line 458: 'half_size' is not a keyword argument or valid child of the transform statement.
    transform half_size
                       ^

Ren'Py Version: Ren'Py 8.3.7.25031702
Thu Jul 10 16:25:42 2025
